2026-09-30 17:20:08,520 INFO SPI service [com.alipay.sofa.jraft.JRaftServiceFactory - com.alipay.sofa.jraft.core.DefaultJRaftServiceFactory] loading.

2026-09-30 17:20:08,596 INFO SPI service [com.alipay.sofa.jraft.rpc.RaftRpcFactory - com.alibaba.nacos.core.distributed.raft.grpc.NacosGrpcRaftRpcFactory] loading.

2026-09-30 17:20:08,910 INFO SPI service [com.alipay.sofa.jraft.util.JRaftSignalHandler - com.alipay.sofa.jraft.NodeDescribeSignalHandler] loading.

2026-09-30 17:20:08,911 INFO SPI service [com.alipay.sofa.jraft.util.JRaftSignalHandler - com.alipay.sofa.jraft.NodeMetricsSignalHandler] loading.

2026-09-30 17:20:08,912 INFO SPI service [com.alipay.sofa.jraft.util.JRaftSignalHandler - com.alipay.sofa.jraft.ThreadPoolMetricsSignalHandler] loading.

2026-09-30 17:20:08,913 INFO SPI service [com.alipay.sofa.jraft.util.timer.RaftTimerFactory - com.alipay.sofa.jraft.util.timer.DefaultRaftTimerFactory] loading.

2026-09-30 17:20:08,917 INFO The number of active nodes increment to 1.

2026-09-30 17:20:09,077 INFO Starts FSMCaller successfully.

2026-09-30 17:20:09,081 WARN No data for snapshot reader /home/nacos/data/protocol/raft/naming_persistent_service_v2/snapshot.

2026-09-30 17:20:09,082 INFO Node <naming_persistent_service_v2/b8d0fae9d7e2:7848> init ballot box's lastCommittedIndex=0.

2026-09-30 17:20:09,087 INFO Node <naming_persistent_service_v2/b8d0fae9d7e2:7848> init, term=0, lastLogId=LogId [index=0, term=0], conf=b8d0fae9d7e2:7848, oldConf=.

2026-09-30 17:20:09,089 INFO Node <naming_persistent_service_v2/b8d0fae9d7e2:7848> start vote and grant vote self, term=0.

2026-09-30 17:20:09,107 INFO Save raft meta, path=/home/nacos/data/protocol/raft/naming_persistent_service_v2/meta-data, term=1, votedFor=b8d0fae9d7e2:7848, cost time=13 ms

2026-09-30 17:20:09,107 INFO Node <naming_persistent_service_v2/b8d0fae9d7e2:7848> become leader of group, term=1, conf=b8d0fae9d7e2:7848, oldConf=.

2026-09-30 17:20:09,110 INFO -Djraft.recyclers.maxCapacityPerThread: 4096.

2026-09-30 17:20:09,112 INFO Start the RaftGroupService successfully.

2026-09-30 17:20:09,121 INFO onLeaderStart: term=1.

2026-09-30 17:20:09,123 INFO The number of active nodes increment to 2.

2026-09-30 17:20:09,144 INFO Starts FSMCaller successfully.

2026-09-30 17:20:09,145 WARN No data for snapshot reader /home/nacos/data/protocol/raft/naming_persistent_service/snapshot.

2026-09-30 17:20:09,145 INFO Node <naming_persistent_service/b8d0fae9d7e2:7848> init ballot box's lastCommittedIndex=0.

2026-09-30 17:20:09,146 INFO Node <naming_persistent_service/b8d0fae9d7e2:7848> init, term=0, lastLogId=LogId [index=0, term=0], conf=b8d0fae9d7e2:7848, oldConf=.

2026-09-30 17:20:09,147 INFO Node <naming_persistent_service/b8d0fae9d7e2:7848> start vote and grant vote self, term=0.

2026-09-30 17:20:09,150 INFO Save raft meta, path=/home/nacos/data/protocol/raft/naming_persistent_service/meta-data, term=1, votedFor=b8d0fae9d7e2:7848, cost time=2 ms

2026-09-30 17:20:09,150 INFO Node <naming_persistent_service/b8d0fae9d7e2:7848> become leader of group, term=1, conf=b8d0fae9d7e2:7848, oldConf=.

2026-09-30 17:20:09,150 INFO Start the RaftGroupService successfully.

2026-09-30 17:20:09,154 INFO onLeaderStart: term=1.

2026-09-30 17:20:09,159 INFO The number of active nodes increment to 3.

2026-09-30 17:20:09,182 INFO Starts FSMCaller successfully.

2026-09-30 17:20:09,182 WARN No data for snapshot reader /home/nacos/data/protocol/raft/naming_instance_metadata/snapshot.

2026-09-30 17:20:09,182 INFO Node <naming_instance_metadata/b8d0fae9d7e2:7848> init ballot box's lastCommittedIndex=0.

2026-09-30 17:20:09,183 INFO Node <naming_instance_metadata/b8d0fae9d7e2:7848> init, term=0, lastLogId=LogId [index=0, term=0], conf=b8d0fae9d7e2:7848, oldConf=.

2026-09-30 17:20:09,183 INFO Node <naming_instance_metadata/b8d0fae9d7e2:7848> start vote and grant vote self, term=0.

2026-09-30 17:20:09,187 INFO Save raft meta, path=/home/nacos/data/protocol/raft/naming_instance_metadata/meta-data, term=1, votedFor=b8d0fae9d7e2:7848, cost time=3 ms

2026-09-30 17:20:09,187 INFO Node <naming_instance_metadata/b8d0fae9d7e2:7848> become leader of group, term=1, conf=b8d0fae9d7e2:7848, oldConf=.

2026-09-30 17:20:09,187 INFO Start the RaftGroupService successfully.

2026-09-30 17:20:09,190 INFO The number of active nodes increment to 4.

2026-09-30 17:20:09,192 INFO onLeaderStart: term=1.

2026-09-30 17:20:09,221 INFO Starts FSMCaller successfully.

2026-09-30 17:20:09,221 WARN No data for snapshot reader /home/nacos/data/protocol/raft/naming_service_metadata/snapshot.

2026-09-30 17:20:09,222 INFO Node <naming_service_metadata/b8d0fae9d7e2:7848> init ballot box's lastCommittedIndex=0.

2026-09-30 17:20:09,222 INFO Node <naming_service_metadata/b8d0fae9d7e2:7848> init, term=0, lastLogId=LogId [index=0, term=0], conf=b8d0fae9d7e2:7848, oldConf=.

2026-09-30 17:20:09,223 INFO Node <naming_service_metadata/b8d0fae9d7e2:7848> start vote and grant vote self, term=0.

2026-09-30 17:20:09,226 INFO Save raft meta, path=/home/nacos/data/protocol/raft/naming_service_metadata/meta-data, term=1, votedFor=b8d0fae9d7e2:7848, cost time=3 ms

2026-09-30 17:20:09,227 INFO Node <naming_service_metadata/b8d0fae9d7e2:7848> become leader of group, term=1, conf=b8d0fae9d7e2:7848, oldConf=.

2026-09-30 17:20:09,227 INFO Start the RaftGroupService successfully.

2026-09-30 17:20:09,234 INFO onLeaderStart: term=1.

2026-09-30 17:20:09,934 INFO The number of active nodes increment to 5.

2026-09-30 17:20:09,954 INFO Starts FSMCaller successfully.

2026-09-30 17:20:09,954 WARN No data for snapshot reader /home/nacos/data/protocol/raft/lock_acquire_service_v2/snapshot.

2026-09-30 17:20:09,954 INFO Node <lock_acquire_service_v2/b8d0fae9d7e2:7848> init ballot box's lastCommittedIndex=0.

2026-09-30 17:20:09,955 INFO Node <lock_acquire_service_v2/b8d0fae9d7e2:7848> init, term=0, lastLogId=LogId [index=0, term=0], conf=b8d0fae9d7e2:7848, oldConf=.

2026-09-30 17:20:09,955 INFO Node <lock_acquire_service_v2/b8d0fae9d7e2:7848> start vote and grant vote self, term=0.

2026-09-30 17:20:09,958 INFO Save raft meta, path=/home/nacos/data/protocol/raft/lock_acquire_service_v2/meta-data, term=1, votedFor=b8d0fae9d7e2:7848, cost time=3 ms

2026-09-30 17:20:09,958 INFO Node <lock_acquire_service_v2/b8d0fae9d7e2:7848> become leader of group, term=1, conf=b8d0fae9d7e2:7848, oldConf=.

2026-09-30 17:20:09,959 INFO Start the RaftGroupService successfully.

2026-09-30 17:20:09,961 INFO onLeaderStart: term=1.

2026-09-30 17:20:10,025 INFO The number of active nodes increment to 6.

2026-09-30 17:20:10,044 INFO Starts FSMCaller successfully.

2026-09-30 17:20:10,044 WARN No data for snapshot reader /home/nacos/data/protocol/raft/plugin_state/snapshot.

2026-09-30 17:20:10,045 INFO Node <plugin_state/b8d0fae9d7e2:7848> init ballot box's lastCommittedIndex=0.

2026-09-30 17:20:10,045 INFO Node <plugin_state/b8d0fae9d7e2:7848> init, term=0, lastLogId=LogId [index=0, term=0], conf=b8d0fae9d7e2:7848, oldConf=.

2026-09-30 17:20:10,046 INFO Node <plugin_state/b8d0fae9d7e2:7848> start vote and grant vote self, term=0.

2026-09-30 17:20:10,050 INFO Save raft meta, path=/home/nacos/data/protocol/raft/plugin_state/meta-data, term=1, votedFor=b8d0fae9d7e2:7848, cost time=3 ms

2026-09-30 17:20:10,050 INFO Node <plugin_state/b8d0fae9d7e2:7848> become leader of group, term=1, conf=b8d0fae9d7e2:7848, oldConf=.

2026-09-30 17:20:10,050 INFO Start the RaftGroupService successfully.

2026-09-30 17:20:10,052 INFO onLeaderStart: term=1.

