2026-09-30 17:20:05,188 INFO notifyConnectTimeout:100

2026-09-30 17:20:05,191 INFO notifySocketTimeout:200

2026-09-30 17:20:05,192 INFO isHealthCheck:true

2026-09-30 17:20:05,192 INFO maxHealthCheckFailCount:12

2026-09-30 17:20:05,192 INFO maxContent:10485760

2026-09-30 17:20:08,321 INFO All dump page size is set to 100 according to mem limit 1024 MB

2026-09-30 17:20:08,325 WARN DumpService start

2026-09-30 17:20:08,325 INFO start clear all config-info.

2026-09-30 17:20:08,326 INFO clear all config-info success.

2026-09-30 17:20:08,326 INFO clear all config-info-tenant success.

2026-09-30 17:20:08,331 INFO start dump all config-info...

2026-09-30 17:20:08,331 INFO success to  dump all config-info。

2026-09-30 17:20:08,331 INFO start to clear all gray-config-info on startup.

2026-09-30 17:20:08,331 INFO clear all config-info-gray success.

2026-09-30 17:20:08,332 INFO clear all config-info-gray-tenant success.

2026-09-30 17:20:10,852 INFO notifyConnectTimeout:100

2026-09-30 17:20:10,852 INFO notifySocketTimeout:200

2026-09-30 17:20:10,854 INFO isHealthCheck:true

2026-09-30 17:20:10,854 INFO maxHealthCheckFailCount:12

2026-09-30 17:20:10,854 INFO maxContent:10485760

2026-09-30 17:20:12,340 INFO notifyConnectTimeout:100

2026-09-30 17:20:12,340 INFO notifySocketTimeout:200

2026-09-30 17:20:12,340 INFO isHealthCheck:true

2026-09-30 17:20:12,340 INFO maxHealthCheckFailCount:12

2026-09-30 17:20:12,340 INFO maxContent:10485760

