2026-09-30 17:20:08,348 INFO Fail to find connection runtime ejector for name nacos,use default

2026-09-30 17:20:09,349 INFO Connection check task start

2026-09-30 17:20:09,350 INFO Long connection metrics detail ,Total count =0, sdkCount=0,clusterCount=0

2026-09-30 17:20:09,350 INFO Out dated connection ,size=0

2026-09-30 17:20:09,350 INFO Connection check task end

2026-09-30 17:20:11,375 INFO ConnectionMetrics, totalCount = 0, detail = {long_connection=0, long_polling=0}

2026-09-30 17:20:12,351 INFO Connection check task start

2026-09-30 17:20:12,351 INFO Long connection metrics detail ,Total count =0, sdkCount=0,clusterCount=0

2026-09-30 17:20:12,351 INFO Out dated connection ,size=0

2026-09-30 17:20:12,352 INFO Connection check task end

2026-09-30 17:20:14,376 INFO ConnectionMetrics, totalCount = 0, detail = {long_connection=0, long_polling=0}

2026-09-30 17:20:15,355 INFO Connection check task start

2026-09-30 17:20:15,355 INFO Long connection metrics detail ,Total count =0, sdkCount=0,clusterCount=0

2026-09-30 17:20:15,355 INFO Out dated connection ,size=0

2026-09-30 17:20:15,355 INFO Connection check task end

2026-09-30 17:20:17,380 INFO ConnectionMetrics, totalCount = 0, detail = {long_connection=0, long_polling=0}

2026-09-30 17:20:18,357 INFO Connection check task start

2026-09-30 17:20:18,357 INFO Long connection metrics detail ,Total count =0, sdkCount=0,clusterCount=0

2026-09-30 17:20:18,358 INFO Out dated connection ,size=0

2026-09-30 17:20:18,358 INFO Connection check task end

2026-09-30 17:20:20,386 INFO ConnectionMetrics, totalCount = 0, detail = {long_connection=0, long_polling=0}

2026-09-30 17:20:21,359 INFO Connection check task start

2026-09-30 17:20:21,359 INFO Long connection metrics detail ,Total count =0, sdkCount=0,clusterCount=0

2026-09-30 17:20:21,359 INFO Out dated connection ,size=0

2026-09-30 17:20:21,360 INFO Connection check task end

2026-09-30 17:20:23,389 INFO ConnectionMetrics, totalCount = 0, detail = {long_connection=0, long_polling=0}

2026-09-30 17:20:24,362 INFO Connection check task start

2026-09-30 17:20:24,362 INFO Long connection metrics detail ,Total count =0, sdkCount=0,clusterCount=0

2026-09-30 17:20:24,362 INFO Out dated connection ,size=0

2026-09-30 17:20:24,362 INFO Connection check task end

2026-09-30 17:20:26,394 INFO ConnectionMetrics, totalCount = 0, detail = {long_connection=0, long_polling=0}

2026-09-30 17:20:27,368 INFO Connection check task start

2026-09-30 17:20:27,368 INFO Long connection metrics detail ,Total count =0, sdkCount=0,clusterCount=0

2026-09-30 17:20:27,369 INFO Out dated connection ,size=0

2026-09-30 17:20:27,369 INFO Connection check task end

2026-09-30 17:20:29,395 INFO ConnectionMetrics, totalCount = 0, detail = {long_connection=0, long_polling=0}

2026-09-30 17:20:30,370 INFO Connection check task start

2026-09-30 17:20:30,370 INFO Long connection metrics detail ,Total count =0, sdkCount=0,clusterCount=0

2026-09-30 17:20:30,370 INFO Out dated connection ,size=0

2026-09-30 17:20:30,370 INFO Connection check task end

2026-09-30 17:20:32,401 INFO ConnectionMetrics, totalCount = 0, detail = {long_connection=0, long_polling=0}

2026-09-30 17:20:33,371 INFO Connection check task start

2026-09-30 17:20:33,372 INFO Long connection metrics detail ,Total count =0, sdkCount=0,clusterCount=0

2026-09-30 17:20:33,372 INFO Out dated connection ,size=0

2026-09-30 17:20:33,372 INFO Connection check task end

2026-09-30 17:20:35,408 INFO ConnectionMetrics, totalCount = 0, detail = {long_connection=0, long_polling=0}

2026-09-30 17:20:36,374 INFO Connection check task start

2026-09-30 17:20:36,374 INFO Long connection metrics detail ,Total count =0, sdkCount=0,clusterCount=0

2026-09-30 17:20:36,374 INFO Out dated connection ,size=0

2026-09-30 17:20:36,374 INFO Connection check task end

2026-09-30 17:20:38,411 INFO ConnectionMetrics, totalCount = 0, detail = {long_connection=0, long_polling=0}

2026-09-30 17:20:39,381 INFO Connection check task start

2026-09-30 17:20:39,381 INFO Long connection metrics detail ,Total count =0, sdkCount=0,clusterCount=0

2026-09-30 17:20:39,382 INFO Out dated connection ,size=0

2026-09-30 17:20:39,382 INFO Connection check task end

2026-09-30 17:20:41,418 INFO ConnectionMetrics, totalCount = 0, detail = {long_connection=0, long_polling=0}

2026-09-30 17:20:42,387 INFO Connection check task start

2026-09-30 17:20:42,388 INFO Long connection metrics detail ,Total count =0, sdkCount=0,clusterCount=0

2026-09-30 17:20:42,388 INFO Out dated connection ,size=0

2026-09-30 17:20:42,388 INFO Connection check task end

2026-09-30 17:20:44,421 INFO ConnectionMetrics, totalCount = 0, detail = {long_connection=0, long_polling=0}

2026-09-30 17:20:45,396 INFO Connection check task start

2026-09-30 17:20:45,397 INFO Long connection metrics detail ,Total count =0, sdkCount=0,clusterCount=0

2026-09-30 17:20:45,397 INFO Out dated connection ,size=0

2026-09-30 17:20:45,397 INFO Connection check task end

2026-09-30 17:20:47,427 INFO ConnectionMetrics, totalCount = 0, detail = {long_connection=0, long_polling=0}

2026-09-30 17:20:48,399 INFO Connection check task start

2026-09-30 17:20:48,400 INFO Long connection metrics detail ,Total count =0, sdkCount=0,clusterCount=0

2026-09-30 17:20:48,400 INFO Out dated connection ,size=0

2026-09-30 17:20:48,401 INFO Connection check task end

2026-09-30 17:20:50,432 INFO ConnectionMetrics, totalCount = 0, detail = {long_connection=0, long_polling=0}

2026-09-30 17:20:51,406 INFO Connection check task start

2026-09-30 17:20:51,408 INFO Long connection metrics detail ,Total count =0, sdkCount=0,clusterCount=0

2026-09-30 17:20:51,408 INFO Out dated connection ,size=0

2026-09-30 17:20:51,408 INFO Connection check task end

2026-09-30 17:20:53,436 INFO ConnectionMetrics, totalCount = 0, detail = {long_connection=0, long_polling=0}

2026-09-30 17:20:54,411 INFO Connection check task start

2026-09-30 17:20:54,411 INFO Long connection metrics detail ,Total count =0, sdkCount=0,clusterCount=0

2026-09-30 17:20:54,411 INFO Out dated connection ,size=0

2026-09-30 17:20:54,411 INFO Connection check task end

2026-09-30 17:20:56,439 INFO ConnectionMetrics, totalCount = 0, detail = {long_connection=0, long_polling=0}

2026-09-30 17:20:57,413 INFO Connection check task start

2026-09-30 17:20:57,414 INFO Long connection metrics detail ,Total count =0, sdkCount=0,clusterCount=0

2026-09-30 17:20:57,414 INFO Out dated connection ,size=0

2026-09-30 17:20:57,415 INFO Connection check task end

2026-09-30 17:20:59,442 INFO ConnectionMetrics, totalCount = 0, detail = {long_connection=0, long_polling=0}

2026-09-30 17:21:00,416 INFO Connection check task start

2026-09-30 17:21:00,416 INFO Long connection metrics detail ,Total count =0, sdkCount=0,clusterCount=0

2026-09-30 17:21:00,416 INFO Out dated connection ,size=0

2026-09-30 17:21:00,416 INFO Connection check task end

2026-09-30 17:21:02,448 INFO ConnectionMetrics, totalCount = 0, detail = {long_connection=0, long_polling=0}

2026-09-30 17:21:03,422 INFO Connection check task start

2026-09-30 17:21:03,423 INFO Long connection metrics detail ,Total count =0, sdkCount=0,clusterCount=0

2026-09-30 17:21:03,424 INFO Out dated connection ,size=0

2026-09-30 17:21:03,424 INFO Connection check task end

2026-09-30 17:21:05,452 INFO ConnectionMetrics, totalCount = 0, detail = {long_connection=0, long_polling=0}

2026-09-30 17:21:06,424 INFO Connection check task start

2026-09-30 17:21:06,425 INFO Long connection metrics detail ,Total count =0, sdkCount=0,clusterCount=0

2026-09-30 17:21:06,425 INFO Out dated connection ,size=0

2026-09-30 17:21:06,425 INFO Connection check task end

2026-09-30 17:21:08,456 INFO ConnectionMetrics, totalCount = 0, detail = {long_connection=0, long_polling=0}

2026-09-30 17:21:09,427 INFO Connection check task start

2026-09-30 17:21:09,428 INFO Long connection metrics detail ,Total count =0, sdkCount=0,clusterCount=0

2026-09-30 17:21:09,428 INFO Out dated connection ,size=0

2026-09-30 17:21:09,429 INFO Connection check task end

2026-09-30 17:21:11,460 INFO ConnectionMetrics, totalCount = 0, detail = {long_connection=0, long_polling=0}

2026-09-30 17:21:12,431 INFO Connection check task start

2026-09-30 17:21:12,431 INFO Long connection metrics detail ,Total count =0, sdkCount=0,clusterCount=0

2026-09-30 17:21:12,431 INFO Out dated connection ,size=0

2026-09-30 17:21:12,431 INFO Connection check task end

2026-09-30 17:21:14,465 INFO ConnectionMetrics, totalCount = 0, detail = {long_connection=0, long_polling=0}

2026-09-30 17:21:15,433 INFO Connection check task start

2026-09-30 17:21:15,433 INFO Long connection metrics detail ,Total count =0, sdkCount=0,clusterCount=0

2026-09-30 17:21:15,434 INFO Out dated connection ,size=0

2026-09-30 17:21:15,434 INFO Connection check task end

2026-09-30 17:21:17,472 INFO ConnectionMetrics, totalCount = 0, detail = {long_connection=0, long_polling=0}

2026-09-30 17:21:18,440 INFO Connection check task start

2026-09-30 17:21:18,441 INFO Long connection metrics detail ,Total count =0, sdkCount=0,clusterCount=0

2026-09-30 17:21:18,442 INFO Out dated connection ,size=0

2026-09-30 17:21:18,442 INFO Connection check task end

2026-09-30 17:21:20,474 INFO ConnectionMetrics, totalCount = 0, detail = {long_connection=0, long_polling=0}

2026-09-30 17:21:21,445 INFO Connection check task start

2026-09-30 17:21:21,447 INFO Long connection metrics detail ,Total count =0, sdkCount=0,clusterCount=0

2026-09-30 17:21:21,448 INFO Out dated connection ,size=0

2026-09-30 17:21:21,448 INFO Connection check task end

2026-09-30 17:21:23,482 INFO ConnectionMetrics, totalCount = 0, detail = {long_connection=0, long_polling=0}

2026-09-30 17:21:24,452 INFO Connection check task start

2026-09-30 17:21:24,453 INFO Long connection metrics detail ,Total count =0, sdkCount=0,clusterCount=0

2026-09-30 17:21:24,453 INFO Out dated connection ,size=0

2026-09-30 17:21:24,453 INFO Connection check task end

2026-09-30 17:21:26,487 INFO ConnectionMetrics, totalCount = 0, detail = {long_connection=0, long_polling=0}

2026-09-30 17:21:27,458 INFO Connection check task start

2026-09-30 17:21:27,460 INFO Long connection metrics detail ,Total count =0, sdkCount=0,clusterCount=0

2026-09-30 17:21:27,460 INFO Out dated connection ,size=0

2026-09-30 17:21:27,461 INFO Connection check task end

2026-09-30 17:21:29,493 INFO ConnectionMetrics, totalCount = 0, detail = {long_connection=0, long_polling=0}

2026-09-30 17:21:30,465 INFO Connection check task start

2026-09-30 17:21:30,466 INFO Long connection metrics detail ,Total count =0, sdkCount=0,clusterCount=0

2026-09-30 17:21:30,466 INFO Out dated connection ,size=0

2026-09-30 17:21:30,466 INFO Connection check task end

2026-09-30 17:21:32,496 INFO ConnectionMetrics, totalCount = 0, detail = {long_connection=0, long_polling=0}

2026-09-30 17:21:33,472 INFO Connection check task start

2026-09-30 17:21:33,473 INFO Long connection metrics detail ,Total count =0, sdkCount=0,clusterCount=0

2026-09-30 17:21:33,473 INFO Out dated connection ,size=0

2026-09-30 17:21:33,473 INFO Connection check task end

2026-09-30 17:21:35,499 INFO ConnectionMetrics, totalCount = 0, detail = {long_connection=0, long_polling=0}

2026-09-30 17:21:36,481 INFO Connection check task start

2026-09-30 17:21:36,482 INFO Long connection metrics detail ,Total count =0, sdkCount=0,clusterCount=0

2026-09-30 17:21:36,482 INFO Out dated connection ,size=0

2026-09-30 17:21:36,482 INFO Connection check task end

2026-09-30 17:21:38,504 INFO ConnectionMetrics, totalCount = 0, detail = {long_connection=0, long_polling=0}

2026-09-30 17:21:39,483 INFO Connection check task start

2026-09-30 17:21:39,484 INFO Long connection metrics detail ,Total count =0, sdkCount=0,clusterCount=0

2026-09-30 17:21:39,484 INFO Out dated connection ,size=0

2026-09-30 17:21:39,484 INFO Connection check task end

2026-09-30 17:21:41,515 INFO ConnectionMetrics, totalCount = 0, detail = {long_connection=0, long_polling=0}

2026-09-30 17:21:42,489 INFO Connection check task start

2026-09-30 17:21:42,490 INFO Long connection metrics detail ,Total count =0, sdkCount=0,clusterCount=0

2026-09-30 17:21:42,491 INFO Out dated connection ,size=0

2026-09-30 17:21:42,492 INFO Connection check task end

2026-09-30 17:21:44,521 INFO ConnectionMetrics, totalCount = 0, detail = {long_connection=0, long_polling=0}

2026-09-30 17:21:45,494 INFO Connection check task start

2026-09-30 17:21:45,494 INFO Long connection metrics detail ,Total count =0, sdkCount=0,clusterCount=0

2026-09-30 17:21:45,495 INFO Out dated connection ,size=0

2026-09-30 17:21:45,495 INFO Connection check task end

2026-09-30 17:21:47,523 INFO ConnectionMetrics, totalCount = 0, detail = {long_connection=0, long_polling=0}

2026-09-30 17:21:48,497 INFO Connection check task start

2026-09-30 17:21:48,498 INFO Long connection metrics detail ,Total count =0, sdkCount=0,clusterCount=0

2026-09-30 17:21:48,498 INFO Out dated connection ,size=0

2026-09-30 17:21:48,498 INFO Connection check task end

2026-09-30 17:21:50,533 INFO ConnectionMetrics, totalCount = 0, detail = {long_connection=0, long_polling=0}

2026-09-30 17:21:51,503 INFO Connection check task start

2026-09-30 17:21:51,504 INFO Long connection metrics detail ,Total count =0, sdkCount=0,clusterCount=0

2026-09-30 17:21:51,504 INFO Out dated connection ,size=0

2026-09-30 17:21:51,504 INFO Connection check task end

2026-09-30 17:21:53,535 INFO ConnectionMetrics, totalCount = 0, detail = {long_connection=0, long_polling=0}

2026-09-30 17:21:54,505 INFO Connection check task start

2026-09-30 17:21:54,506 INFO Long connection metrics detail ,Total count =0, sdkCount=0,clusterCount=0

2026-09-30 17:21:54,506 INFO Out dated connection ,size=0

2026-09-30 17:21:54,506 INFO Connection check task end

2026-09-30 17:21:56,536 INFO ConnectionMetrics, totalCount = 0, detail = {long_connection=0, long_polling=0}

2026-09-30 17:21:57,512 INFO Connection check task start

2026-09-30 17:21:57,513 INFO Long connection metrics detail ,Total count =0, sdkCount=0,clusterCount=0

2026-09-30 17:21:57,513 INFO Out dated connection ,size=0

2026-09-30 17:21:57,514 INFO Connection check task end

2026-09-30 17:21:59,540 INFO ConnectionMetrics, totalCount = 0, detail = {long_connection=0, long_polling=0}

2026-09-30 17:22:00,515 INFO Connection check task start

2026-09-30 17:22:00,516 INFO Long connection metrics detail ,Total count =0, sdkCount=0,clusterCount=0

2026-09-30 17:22:00,516 INFO Out dated connection ,size=0

2026-09-30 17:22:00,516 INFO Connection check task end

2026-09-30 17:22:02,542 INFO ConnectionMetrics, totalCount = 0, detail = {long_connection=0, long_polling=0}

2026-09-30 17:22:03,517 INFO Connection check task start

2026-09-30 17:22:03,518 INFO Long connection metrics detail ,Total count =0, sdkCount=0,clusterCount=0

2026-09-30 17:22:03,518 INFO Out dated connection ,size=0

2026-09-30 17:22:03,518 INFO Connection check task end

2026-09-30 17:22:05,544 INFO ConnectionMetrics, totalCount = 0, detail = {long_connection=0, long_polling=0}

2026-09-30 17:22:06,522 INFO Connection check task start

2026-09-30 17:22:06,522 INFO Long connection metrics detail ,Total count =0, sdkCount=0,clusterCount=0

2026-09-30 17:22:06,523 INFO Out dated connection ,size=0

2026-09-30 17:22:06,523 INFO Connection check task end

2026-09-30 17:22:08,546 INFO ConnectionMetrics, totalCount = 0, detail = {long_connection=0, long_polling=0}

2026-09-30 17:22:09,525 INFO Connection check task start

2026-09-30 17:22:09,526 INFO Long connection metrics detail ,Total count =0, sdkCount=0,clusterCount=0

2026-09-30 17:22:09,526 INFO Out dated connection ,size=0

2026-09-30 17:22:09,526 INFO Connection check task end

2026-09-30 17:22:11,551 INFO ConnectionMetrics, totalCount = 0, detail = {long_connection=0, long_polling=0}

2026-09-30 17:22:12,527 INFO Connection check task start

2026-09-30 17:22:12,527 INFO Long connection metrics detail ,Total count =0, sdkCount=0,clusterCount=0

2026-09-30 17:22:12,528 INFO Out dated connection ,size=0

2026-09-30 17:22:12,528 INFO Connection check task end

2026-09-30 17:22:14,554 INFO ConnectionMetrics, totalCount = 0, detail = {long_connection=0, long_polling=0}

2026-09-30 17:22:15,528 INFO Connection check task start

2026-09-30 17:22:15,528 INFO Long connection metrics detail ,Total count =0, sdkCount=0,clusterCount=0

2026-09-30 17:22:15,529 INFO Out dated connection ,size=0

2026-09-30 17:22:15,529 INFO Connection check task end

2026-09-30 17:22:17,556 INFO ConnectionMetrics, totalCount = 0, detail = {long_connection=0, long_polling=0}

2026-09-30 17:22:18,530 INFO Connection check task start

2026-09-30 17:22:18,531 INFO Long connection metrics detail ,Total count =0, sdkCount=0,clusterCount=0

2026-09-30 17:22:18,531 INFO Out dated connection ,size=0

2026-09-30 17:22:18,531 INFO Connection check task end

2026-09-30 17:22:20,560 INFO ConnectionMetrics, totalCount = 0, detail = {long_connection=0, long_polling=0}

2026-09-30 17:22:21,537 INFO Connection check task start

2026-09-30 17:22:21,537 INFO Long connection metrics detail ,Total count =0, sdkCount=0,clusterCount=0

2026-09-30 17:22:21,537 INFO Out dated connection ,size=0

2026-09-30 17:22:21,538 INFO Connection check task end

2026-09-30 17:22:23,568 INFO ConnectionMetrics, totalCount = 0, detail = {long_connection=0, long_polling=0}

2026-09-30 17:22:24,542 INFO Connection check task start

2026-09-30 17:22:24,542 INFO Long connection metrics detail ,Total count =0, sdkCount=0,clusterCount=0

2026-09-30 17:22:24,543 INFO Out dated connection ,size=0

2026-09-30 17:22:24,544 INFO Connection check task end

2026-09-30 17:22:26,570 INFO ConnectionMetrics, totalCount = 0, detail = {long_connection=0, long_polling=0}

2026-09-30 17:22:27,550 INFO Connection check task start

2026-09-30 17:22:27,551 INFO Long connection metrics detail ,Total count =0, sdkCount=0,clusterCount=0

2026-09-30 17:22:27,551 INFO Out dated connection ,size=0

2026-09-30 17:22:27,551 INFO Connection check task end

2026-09-30 17:22:29,572 INFO ConnectionMetrics, totalCount = 0, detail = {long_connection=0, long_polling=0}

2026-09-30 17:22:30,556 INFO Connection check task start

2026-09-30 17:22:30,557 INFO Long connection metrics detail ,Total count =0, sdkCount=0,clusterCount=0

2026-09-30 17:22:30,559 INFO Out dated connection ,size=0

2026-09-30 17:22:30,559 INFO Connection check task end

2026-09-30 17:22:32,577 INFO ConnectionMetrics, totalCount = 0, detail = {long_connection=0, long_polling=0}

2026-09-30 17:22:33,561 INFO Connection check task start

2026-09-30 17:22:33,562 INFO Long connection metrics detail ,Total count =0, sdkCount=0,clusterCount=0

2026-09-30 17:22:33,562 INFO Out dated connection ,size=0

2026-09-30 17:22:33,562 INFO Connection check task end

2026-09-30 17:22:35,579 INFO ConnectionMetrics, totalCount = 0, detail = {long_connection=0, long_polling=0}

2026-09-30 17:22:36,567 INFO Connection check task start

2026-09-30 17:22:36,567 INFO Long connection metrics detail ,Total count =0, sdkCount=0,clusterCount=0

2026-09-30 17:22:36,567 INFO Out dated connection ,size=0

2026-09-30 17:22:36,567 INFO Connection check task end

2026-09-30 17:22:38,587 INFO ConnectionMetrics, totalCount = 0, detail = {long_connection=0, long_polling=0}

2026-09-30 17:22:39,575 INFO Connection check task start

2026-09-30 17:22:39,578 INFO Long connection metrics detail ,Total count =0, sdkCount=0,clusterCount=0

2026-09-30 17:22:39,578 INFO Out dated connection ,size=0

2026-09-30 17:22:39,578 INFO Connection check task end

2026-09-30 17:22:41,595 INFO ConnectionMetrics, totalCount = 0, detail = {long_connection=0, long_polling=0}

2026-09-30 17:22:42,583 INFO Connection check task start

2026-09-30 17:22:42,584 INFO Long connection metrics detail ,Total count =0, sdkCount=0,clusterCount=0

2026-09-30 17:22:42,585 INFO Out dated connection ,size=0

2026-09-30 17:22:42,585 INFO Connection check task end

2026-09-30 17:22:44,600 INFO ConnectionMetrics, totalCount = 0, detail = {long_connection=0, long_polling=0}

2026-09-30 17:22:45,589 INFO Connection check task start

2026-09-30 17:22:45,589 INFO Long connection metrics detail ,Total count =0, sdkCount=0,clusterCount=0

2026-09-30 17:22:45,589 INFO Out dated connection ,size=0

2026-09-30 17:22:45,589 INFO Connection check task end

2026-09-30 17:22:47,609 INFO ConnectionMetrics, totalCount = 0, detail = {long_connection=0, long_polling=0}

2026-09-30 17:22:48,596 INFO Connection check task start

2026-09-30 17:22:48,598 INFO Long connection metrics detail ,Total count =0, sdkCount=0,clusterCount=0

2026-09-30 17:22:48,598 INFO Out dated connection ,size=0

2026-09-30 17:22:48,599 INFO Connection check task end

2026-09-30 17:22:50,618 INFO ConnectionMetrics, totalCount = 0, detail = {long_connection=0, long_polling=0}

2026-09-30 17:22:51,601 INFO Connection check task start

2026-09-30 17:22:51,602 INFO Long connection metrics detail ,Total count =0, sdkCount=0,clusterCount=0

2026-09-30 17:22:51,602 INFO Out dated connection ,size=0

2026-09-30 17:22:51,602 INFO Connection check task end

2026-09-30 17:22:53,622 INFO ConnectionMetrics, totalCount = 0, detail = {long_connection=0, long_polling=0}

2026-09-30 17:22:54,619 INFO Connection check task start

2026-09-30 17:22:54,620 INFO Long connection metrics detail ,Total count =0, sdkCount=0,clusterCount=0

2026-09-30 17:22:54,620 INFO Out dated connection ,size=0

2026-09-30 17:22:54,620 INFO Connection check task end

2026-09-30 17:22:56,626 INFO ConnectionMetrics, totalCount = 0, detail = {long_connection=0, long_polling=0}

2026-09-30 17:22:57,626 INFO Connection check task start

2026-09-30 17:22:57,627 INFO Long connection metrics detail ,Total count =0, sdkCount=0,clusterCount=0

2026-09-30 17:22:57,628 INFO Out dated connection ,size=0

2026-09-30 17:22:57,628 INFO Connection check task end

2026-09-30 17:22:59,631 INFO ConnectionMetrics, totalCount = 0, detail = {long_connection=0, long_polling=0}

2026-09-30 17:23:00,636 INFO Connection check task start

2026-09-30 17:23:00,637 INFO Long connection metrics detail ,Total count =0, sdkCount=0,clusterCount=0

2026-09-30 17:23:00,637 INFO Out dated connection ,size=0

2026-09-30 17:23:00,637 INFO Connection check task end

2026-09-30 17:23:02,636 INFO ConnectionMetrics, totalCount = 0, detail = {long_connection=0, long_polling=0}

2026-09-30 17:23:03,643 INFO Connection check task start

2026-09-30 17:23:03,643 INFO Long connection metrics detail ,Total count =0, sdkCount=0,clusterCount=0

2026-09-30 17:23:03,643 INFO Out dated connection ,size=0

2026-09-30 17:23:03,643 INFO Connection check task end

2026-09-30 17:23:05,644 INFO ConnectionMetrics, totalCount = 0, detail = {long_connection=0, long_polling=0}

2026-09-30 17:23:06,651 INFO Connection check task start

2026-09-30 17:23:06,652 INFO Long connection metrics detail ,Total count =0, sdkCount=0,clusterCount=0

2026-09-30 17:23:06,652 INFO Out dated connection ,size=0

2026-09-30 17:23:06,653 INFO Connection check task end

2026-09-30 17:23:08,650 INFO ConnectionMetrics, totalCount = 0, detail = {long_connection=0, long_polling=0}

2026-09-30 17:23:09,656 INFO Connection check task start

2026-09-30 17:23:09,659 INFO Long connection metrics detail ,Total count =0, sdkCount=0,clusterCount=0

2026-09-30 17:23:09,659 INFO Out dated connection ,size=0

2026-09-30 17:23:09,660 INFO Connection check task end

2026-09-30 17:23:11,654 INFO ConnectionMetrics, totalCount = 0, detail = {long_connection=0, long_polling=0}

2026-09-30 17:23:12,666 INFO Connection check task start

2026-09-30 17:23:12,668 INFO Long connection metrics detail ,Total count =0, sdkCount=0,clusterCount=0

2026-09-30 17:23:12,669 INFO Out dated connection ,size=0

2026-09-30 17:23:12,669 INFO Connection check task end

2026-09-30 17:23:14,662 INFO ConnectionMetrics, totalCount = 0, detail = {long_connection=0, long_polling=0}

2026-09-30 17:23:15,676 INFO Connection check task start

2026-09-30 17:23:15,677 INFO Long connection metrics detail ,Total count =0, sdkCount=0,clusterCount=0

2026-09-30 17:23:15,677 INFO Out dated connection ,size=0

2026-09-30 17:23:15,677 INFO Connection check task end

2026-09-30 17:23:17,667 INFO ConnectionMetrics, totalCount = 0, detail = {long_connection=0, long_polling=0}

2026-09-30 17:23:18,681 INFO Connection check task start

2026-09-30 17:23:18,681 INFO Long connection metrics detail ,Total count =0, sdkCount=0,clusterCount=0

2026-09-30 17:23:18,682 INFO Out dated connection ,size=0

2026-09-30 17:23:18,682 INFO Connection check task end

2026-09-30 17:23:20,675 INFO ConnectionMetrics, totalCount = 0, detail = {long_connection=0, long_polling=0}

2026-09-30 17:23:21,683 INFO Connection check task start

2026-09-30 17:23:21,684 INFO Long connection metrics detail ,Total count =0, sdkCount=0,clusterCount=0

2026-09-30 17:23:21,684 INFO Out dated connection ,size=0

2026-09-30 17:23:21,684 INFO Connection check task end

2026-09-30 17:23:23,682 INFO ConnectionMetrics, totalCount = 0, detail = {long_connection=0, long_polling=0}

2026-09-30 17:23:24,685 INFO Connection check task start

2026-09-30 17:23:24,686 INFO Long connection metrics detail ,Total count =0, sdkCount=0,clusterCount=0

2026-09-30 17:23:24,686 INFO Out dated connection ,size=0

2026-09-30 17:23:24,686 INFO Connection check task end

2026-09-30 17:23:26,687 INFO ConnectionMetrics, totalCount = 0, detail = {long_connection=0, long_polling=0}

2026-09-30 17:23:27,688 INFO Connection check task start

2026-09-30 17:23:27,689 INFO Long connection metrics detail ,Total count =0, sdkCount=0,clusterCount=0

2026-09-30 17:23:27,689 INFO Out dated connection ,size=0

2026-09-30 17:23:27,689 INFO Connection check task end

2026-09-30 17:23:29,693 INFO ConnectionMetrics, totalCount = 0, detail = {long_connection=0, long_polling=0}

2026-09-30 17:23:30,693 INFO Connection check task start

2026-09-30 17:23:30,694 INFO Long connection metrics detail ,Total count =0, sdkCount=0,clusterCount=0

2026-09-30 17:23:30,694 INFO Out dated connection ,size=0

2026-09-30 17:23:30,694 INFO Connection check task end

2026-09-30 17:23:32,699 INFO ConnectionMetrics, totalCount = 0, detail = {long_connection=0, long_polling=0}

2026-09-30 17:23:33,697 INFO Connection check task start

2026-09-30 17:23:33,701 INFO Long connection metrics detail ,Total count =0, sdkCount=0,clusterCount=0

2026-09-30 17:23:33,701 INFO Out dated connection ,size=0

2026-09-30 17:23:33,701 INFO Connection check task end

2026-09-30 17:23:35,703 INFO ConnectionMetrics, totalCount = 0, detail = {long_connection=0, long_polling=0}

2026-09-30 17:23:36,708 INFO Connection check task start

2026-09-30 17:23:36,709 INFO Long connection metrics detail ,Total count =0, sdkCount=0,clusterCount=0

2026-09-30 17:23:36,709 INFO Out dated connection ,size=0

2026-09-30 17:23:36,709 INFO Connection check task end

2026-09-30 17:23:38,705 INFO ConnectionMetrics, totalCount = 0, detail = {long_connection=0, long_polling=0}

2026-09-30 17:23:39,715 INFO Connection check task start

2026-09-30 17:23:39,716 INFO Long connection metrics detail ,Total count =0, sdkCount=0,clusterCount=0

2026-09-30 17:23:39,716 INFO Out dated connection ,size=0

2026-09-30 17:23:39,716 INFO Connection check task end

2026-09-30 17:23:41,707 INFO ConnectionMetrics, totalCount = 0, detail = {long_connection=0, long_polling=0}

2026-09-30 17:23:42,722 INFO Connection check task start

2026-09-30 17:23:42,723 INFO Long connection metrics detail ,Total count =0, sdkCount=0,clusterCount=0

2026-09-30 17:23:42,723 INFO Out dated connection ,size=0

2026-09-30 17:23:42,723 INFO Connection check task end

2026-09-30 17:23:44,710 INFO ConnectionMetrics, totalCount = 0, detail = {long_connection=0, long_polling=0}

2026-09-30 17:23:45,725 INFO Connection check task start

2026-09-30 17:23:45,727 INFO Long connection metrics detail ,Total count =0, sdkCount=0,clusterCount=0

2026-09-30 17:23:45,727 INFO Out dated connection ,size=0

2026-09-30 17:23:45,727 INFO Connection check task end

2026-09-30 17:23:47,717 INFO ConnectionMetrics, totalCount = 0, detail = {long_connection=0, long_polling=0}

2026-09-30 17:23:48,732 INFO Connection check task start

2026-09-30 17:23:48,733 INFO Long connection metrics detail ,Total count =0, sdkCount=0,clusterCount=0

2026-09-30 17:23:48,733 INFO Out dated connection ,size=0

2026-09-30 17:23:48,733 INFO Connection check task end

2026-09-30 17:23:50,723 INFO ConnectionMetrics, totalCount = 0, detail = {long_connection=0, long_polling=0}

2026-09-30 17:23:51,737 INFO Connection check task start

2026-09-30 17:23:51,737 INFO Long connection metrics detail ,Total count =0, sdkCount=0,clusterCount=0

2026-09-30 17:23:51,738 INFO Out dated connection ,size=0

2026-09-30 17:23:51,738 INFO Connection check task end

2026-09-30 17:23:53,730 INFO ConnectionMetrics, totalCount = 0, detail = {long_connection=0, long_polling=0}

2026-09-30 17:23:54,740 INFO Connection check task start

2026-09-30 17:23:54,741 INFO Long connection metrics detail ,Total count =0, sdkCount=0,clusterCount=0

2026-09-30 17:23:54,741 INFO Out dated connection ,size=0

2026-09-30 17:23:54,741 INFO Connection check task end

2026-09-30 17:23:56,738 INFO ConnectionMetrics, totalCount = 0, detail = {long_connection=0, long_polling=0}

2026-09-30 17:23:57,743 INFO Connection check task start

2026-09-30 17:23:57,744 INFO Long connection metrics detail ,Total count =0, sdkCount=0,clusterCount=0

2026-09-30 17:23:57,744 INFO Out dated connection ,size=0

2026-09-30 17:23:57,744 INFO Connection check task end

2026-09-30 17:23:59,743 INFO ConnectionMetrics, totalCount = 0, detail = {long_connection=0, long_polling=0}

2026-09-30 17:24:00,751 INFO Connection check task start

2026-09-30 17:24:00,752 INFO Long connection metrics detail ,Total count =0, sdkCount=0,clusterCount=0

2026-09-30 17:24:00,752 INFO Out dated connection ,size=0

2026-09-30 17:24:00,752 INFO Connection check task end

2026-09-30 17:24:02,748 INFO ConnectionMetrics, totalCount = 0, detail = {long_connection=0, long_polling=0}

2026-09-30 17:24:03,754 INFO Connection check task start

2026-09-30 17:24:03,754 INFO Long connection metrics detail ,Total count =0, sdkCount=0,clusterCount=0

2026-09-30 17:24:03,754 INFO Out dated connection ,size=0

2026-09-30 17:24:03,755 INFO Connection check task end

2026-09-30 17:24:05,755 INFO ConnectionMetrics, totalCount = 0, detail = {long_connection=0, long_polling=0}

2026-09-30 17:24:06,761 INFO Connection check task start

2026-09-30 17:24:06,761 INFO Long connection metrics detail ,Total count =0, sdkCount=0,clusterCount=0

2026-09-30 17:24:06,762 INFO Out dated connection ,size=0

2026-09-30 17:24:06,762 INFO Connection check task end

2026-09-30 17:24:08,760 INFO ConnectionMetrics, totalCount = 0, detail = {long_connection=0, long_polling=0}

2026-09-30 17:24:09,768 INFO Connection check task start

2026-09-30 17:24:09,770 INFO Long connection metrics detail ,Total count =0, sdkCount=0,clusterCount=0

2026-09-30 17:24:09,770 INFO Out dated connection ,size=0

2026-09-30 17:24:09,770 INFO Connection check task end

2026-09-30 17:24:11,766 INFO ConnectionMetrics, totalCount = 0, detail = {long_connection=0, long_polling=0}

2026-09-30 17:24:12,776 INFO Connection check task start

2026-09-30 17:24:12,777 INFO Long connection metrics detail ,Total count =0, sdkCount=0,clusterCount=0

2026-09-30 17:24:12,777 INFO Out dated connection ,size=0

2026-09-30 17:24:12,778 INFO Connection check task end

2026-09-30 17:24:14,771 INFO ConnectionMetrics, totalCount = 0, detail = {long_connection=0, long_polling=0}

2026-09-30 17:24:15,778 INFO Connection check task start

2026-09-30 17:24:15,780 INFO Long connection metrics detail ,Total count =0, sdkCount=0,clusterCount=0

2026-09-30 17:24:15,781 INFO Out dated connection ,size=0

2026-09-30 17:24:15,781 INFO Connection check task end

2026-09-30 17:24:17,772 INFO ConnectionMetrics, totalCount = 0, detail = {long_connection=0, long_polling=0}

2026-09-30 17:24:18,784 INFO Connection check task start

2026-09-30 17:24:18,784 INFO Long connection metrics detail ,Total count =0, sdkCount=0,clusterCount=0

2026-09-30 17:24:18,785 INFO Out dated connection ,size=0

2026-09-30 17:24:18,785 INFO Connection check task end

2026-09-30 17:24:20,777 INFO ConnectionMetrics, totalCount = 0, detail = {long_connection=0, long_polling=0}

2026-09-30 17:24:21,787 INFO Connection check task start

2026-09-30 17:24:21,788 INFO Long connection metrics detail ,Total count =0, sdkCount=0,clusterCount=0

2026-09-30 17:24:21,788 INFO Out dated connection ,size=0

2026-09-30 17:24:21,789 INFO Connection check task end

2026-09-30 17:24:23,780 INFO ConnectionMetrics, totalCount = 0, detail = {long_connection=0, long_polling=0}

2026-09-30 17:24:24,791 INFO Connection check task start

2026-09-30 17:24:24,792 INFO Long connection metrics detail ,Total count =0, sdkCount=0,clusterCount=0

2026-09-30 17:24:24,792 INFO Out dated connection ,size=0

2026-09-30 17:24:24,792 INFO Connection check task end

2026-09-30 17:24:26,783 INFO ConnectionMetrics, totalCount = 0, detail = {long_connection=0, long_polling=0}

2026-09-30 17:24:27,798 INFO Connection check task start

2026-09-30 17:24:27,799 INFO Long connection metrics detail ,Total count =0, sdkCount=0,clusterCount=0

2026-09-30 17:24:27,799 INFO Out dated connection ,size=0

2026-09-30 17:24:27,799 INFO Connection check task end

2026-09-30 17:24:29,787 INFO ConnectionMetrics, totalCount = 0, detail = {long_connection=0, long_polling=0}

2026-09-30 17:24:30,804 INFO Connection check task start

2026-09-30 17:24:30,805 INFO Long connection metrics detail ,Total count =0, sdkCount=0,clusterCount=0

2026-09-30 17:24:30,805 INFO Out dated connection ,size=0

2026-09-30 17:24:30,805 INFO Connection check task end

2026-09-30 17:24:32,791 INFO ConnectionMetrics, totalCount = 0, detail = {long_connection=0, long_polling=0}

2026-09-30 17:24:33,811 INFO Connection check task start

2026-09-30 17:24:33,812 INFO Long connection metrics detail ,Total count =0, sdkCount=0,clusterCount=0

2026-09-30 17:24:33,812 INFO Out dated connection ,size=0

2026-09-30 17:24:33,812 INFO Connection check task end

2026-09-30 17:24:35,795 INFO ConnectionMetrics, totalCount = 0, detail = {long_connection=0, long_polling=0}

2026-09-30 17:24:36,817 INFO Connection check task start

2026-09-30 17:24:36,818 INFO Long connection metrics detail ,Total count =0, sdkCount=0,clusterCount=0

2026-09-30 17:24:36,818 INFO Out dated connection ,size=0

2026-09-30 17:24:36,819 INFO Connection check task end

2026-09-30 17:24:38,806 INFO ConnectionMetrics, totalCount = 0, detail = {long_connection=0, long_polling=0}

2026-09-30 17:24:39,824 INFO Connection check task start

2026-09-30 17:24:39,825 INFO Long connection metrics detail ,Total count =0, sdkCount=0,clusterCount=0

2026-09-30 17:24:39,825 INFO Out dated connection ,size=0

2026-09-30 17:24:39,825 INFO Connection check task end

2026-09-30 17:24:41,811 INFO ConnectionMetrics, totalCount = 0, detail = {long_connection=0, long_polling=0}

2026-09-30 17:24:42,827 INFO Connection check task start

2026-09-30 17:24:42,828 INFO Long connection metrics detail ,Total count =0, sdkCount=0,clusterCount=0

2026-09-30 17:24:42,828 INFO Out dated connection ,size=0

2026-09-30 17:24:42,828 INFO Connection check task end

2026-09-30 17:24:44,816 INFO ConnectionMetrics, totalCount = 0, detail = {long_connection=0, long_polling=0}

2026-09-30 17:24:45,834 INFO Connection check task start

2026-09-30 17:24:45,834 INFO Long connection metrics detail ,Total count =0, sdkCount=0,clusterCount=0

2026-09-30 17:24:45,834 INFO Out dated connection ,size=0

2026-09-30 17:24:45,834 INFO Connection check task end

2026-09-30 17:24:47,824 INFO ConnectionMetrics, totalCount = 0, detail = {long_connection=0, long_polling=0}

2026-09-30 17:24:48,840 INFO Connection check task start

2026-09-30 17:24:48,840 INFO Long connection metrics detail ,Total count =0, sdkCount=0,clusterCount=0

2026-09-30 17:24:48,841 INFO Out dated connection ,size=0

2026-09-30 17:24:48,841 INFO Connection check task end

2026-09-30 17:24:50,832 INFO ConnectionMetrics, totalCount = 0, detail = {long_connection=0, long_polling=0}

2026-09-30 17:24:51,842 INFO Connection check task start

2026-09-30 17:24:51,842 INFO Long connection metrics detail ,Total count =0, sdkCount=0,clusterCount=0

2026-09-30 17:24:51,842 INFO Out dated connection ,size=0

2026-09-30 17:24:51,843 INFO Connection check task end

2026-09-30 17:24:53,839 INFO ConnectionMetrics, totalCount = 0, detail = {long_connection=0, long_polling=0}

2026-09-30 17:24:54,848 INFO Connection check task start

2026-09-30 17:24:54,849 INFO Long connection metrics detail ,Total count =0, sdkCount=0,clusterCount=0

2026-09-30 17:24:54,850 INFO Out dated connection ,size=0

2026-09-30 17:24:54,850 INFO Connection check task end

2026-09-30 17:24:56,851 INFO ConnectionMetrics, totalCount = 0, detail = {long_connection=0, long_polling=0}

2026-09-30 17:24:57,854 INFO Connection check task start

2026-09-30 17:24:57,856 INFO Long connection metrics detail ,Total count =0, sdkCount=0,clusterCount=0

2026-09-30 17:24:57,857 INFO Out dated connection ,size=0

2026-09-30 17:24:57,857 INFO Connection check task end

2026-09-30 17:24:59,860 INFO ConnectionMetrics, totalCount = 0, detail = {long_connection=0, long_polling=0}

2026-09-30 17:25:00,860 INFO Connection check task start

2026-09-30 17:25:00,861 INFO Long connection metrics detail ,Total count =0, sdkCount=0,clusterCount=0

2026-09-30 17:25:00,861 INFO Out dated connection ,size=0

2026-09-30 17:25:00,861 INFO Connection check task end

2026-09-30 17:25:02,863 INFO ConnectionMetrics, totalCount = 0, detail = {long_connection=0, long_polling=0}

2026-09-30 17:25:03,867 INFO Connection check task start

2026-09-30 17:25:03,868 INFO Long connection metrics detail ,Total count =0, sdkCount=0,clusterCount=0

2026-09-30 17:25:03,868 INFO Out dated connection ,size=0

2026-09-30 17:25:03,868 INFO Connection check task end

2026-09-30 17:25:05,870 INFO ConnectionMetrics, totalCount = 0, detail = {long_connection=0, long_polling=0}

2026-09-30 17:25:06,873 INFO Connection check task start

2026-09-30 17:25:06,874 INFO Long connection metrics detail ,Total count =0, sdkCount=0,clusterCount=0

2026-09-30 17:25:06,874 INFO Out dated connection ,size=0

2026-09-30 17:25:06,874 INFO Connection check task end

2026-09-30 17:25:08,873 INFO ConnectionMetrics, totalCount = 0, detail = {long_connection=0, long_polling=0}

2026-09-30 17:25:09,879 INFO Connection check task start

2026-09-30 17:25:09,880 INFO Long connection metrics detail ,Total count =0, sdkCount=0,clusterCount=0

2026-09-30 17:25:09,880 INFO Out dated connection ,size=0

2026-09-30 17:25:09,880 INFO Connection check task end

2026-09-30 17:25:11,876 INFO ConnectionMetrics, totalCount = 0, detail = {long_connection=0, long_polling=0}

2026-09-30 17:25:12,885 INFO Connection check task start

2026-09-30 17:25:12,887 INFO Long connection metrics detail ,Total count =0, sdkCount=0,clusterCount=0

2026-09-30 17:25:12,887 INFO Out dated connection ,size=0

2026-09-30 17:25:12,887 INFO Connection check task end

2026-09-30 17:25:14,880 INFO ConnectionMetrics, totalCount = 0, detail = {long_connection=0, long_polling=0}

2026-09-30 17:25:15,889 INFO Connection check task start

2026-09-30 17:25:15,890 INFO Long connection metrics detail ,Total count =0, sdkCount=0,clusterCount=0

2026-09-30 17:25:15,890 INFO Out dated connection ,size=0

2026-09-30 17:25:15,890 INFO Connection check task end

2026-09-30 17:25:17,883 INFO ConnectionMetrics, totalCount = 0, detail = {long_connection=0, long_polling=0}

