2026-09-30 17:20:08,367 INFO Not configure type of control plugin, no limit control for current node.

2026-09-30 17:20:08,369 INFO Load connection metrics collector,size=2,[com.alibaba.nacos.config.server.service.LongPollingConnectionMetricsCollector@729eef5f, com.alibaba.nacos.core.remote.LongConnectionMetricsCollector@331da721]

2026-09-30 17:20:08,370 INFO No connection rule content found ,use default empty rule 

2026-09-30 17:20:08,376 INFO No tps control rule of CONFIG_PUSH_COUNT found,content =null  

2026-09-30 17:20:08,376 WARN Tps point for CONFIG_PUSH_COUNT registered, But tps control manager is no limit implementation.

2026-09-30 17:20:08,376 INFO No tps control rule of CONFIG_PUSH_SUCCESS found,content =null  

2026-09-30 17:20:08,376 WARN Tps point for CONFIG_PUSH_SUCCESS registered, But tps control manager is no limit implementation.

2026-09-30 17:20:08,376 INFO No tps control rule of CONFIG_PUSH_FAIL found,content =null  

2026-09-30 17:20:08,376 WARN Tps point for CONFIG_PUSH_FAIL registered, But tps control manager is no limit implementation.

2026-09-30 17:20:10,779 INFO No tps control rule of ConfigListen found,content =null  

2026-09-30 17:20:10,779 WARN Tps point for ConfigListen registered, But tps control manager is no limit implementation.

2026-09-30 17:20:10,779 INFO No tps control rule of ClusterConfigChangeNotify found,content =null  

2026-09-30 17:20:10,779 WARN Tps point for ClusterConfigChangeNotify registered, But tps control manager is no limit implementation.

2026-09-30 17:20:10,786 INFO No tps control rule of ConfigFuzzyWatch found,content =null  

2026-09-30 17:20:10,787 WARN Tps point for ConfigFuzzyWatch registered, But tps control manager is no limit implementation.

2026-09-30 17:20:10,787 INFO No tps control rule of ConfigPublish found,content =null  

2026-09-30 17:20:10,787 WARN Tps point for ConfigPublish registered, But tps control manager is no limit implementation.

2026-09-30 17:20:10,787 INFO No tps control rule of ConfigQuery found,content =null  

2026-09-30 17:20:10,787 WARN Tps point for ConfigQuery registered, But tps control manager is no limit implementation.

2026-09-30 17:20:10,787 INFO No tps control rule of ConfigRemove found,content =null  

2026-09-30 17:20:10,787 WARN Tps point for ConfigRemove registered, But tps control manager is no limit implementation.

2026-09-30 17:20:10,787 INFO No tps control rule of RemoteNamingInstanceBatchRegister found,content =null  

2026-09-30 17:20:10,787 WARN Tps point for RemoteNamingInstanceBatchRegister registered, But tps control manager is no limit implementation.

2026-09-30 17:20:10,787 INFO No tps control rule of RemoteNamingInstanceRegisterDeregister found,content =null  

2026-09-30 17:20:10,788 WARN Tps point for RemoteNamingInstanceRegisterDeregister registered, But tps control manager is no limit implementation.

2026-09-30 17:20:10,788 WARN Tps point for RemoteNamingInstanceRegisterDeregister registered, But tps control manager is no limit implementation.

2026-09-30 17:20:10,788 INFO No tps control rule of RemoteNamingServiceListQuery found,content =null  

2026-09-30 17:20:10,788 WARN Tps point for RemoteNamingServiceListQuery registered, But tps control manager is no limit implementation.

2026-09-30 17:20:10,788 INFO No tps control rule of RemoteNamingServiceQuery found,content =null  

2026-09-30 17:20:10,789 WARN Tps point for RemoteNamingServiceQuery registered, But tps control manager is no limit implementation.

2026-09-30 17:20:10,789 INFO No tps control rule of RemoteNamingServiceSubscribeUnSubscribe found,content =null  

2026-09-30 17:20:10,789 WARN Tps point for RemoteNamingServiceSubscribeUnSubscribe registered, But tps control manager is no limit implementation.

2026-09-30 17:20:10,790 INFO No tps control rule of HealthCheck found,content =null  

2026-09-30 17:20:10,790 WARN Tps point for HealthCheck registered, But tps control manager is no limit implementation.

2026-09-30 17:20:12,315 INFO No tps control rule of NamingInstanceRegister found,content =null  

2026-09-30 17:20:12,315 WARN Tps point for NamingInstanceRegister registered, But tps control manager is no limit implementation.

2026-09-30 17:20:12,315 INFO No tps control rule of NamingServiceSubscribe found,content =null  

2026-09-30 17:20:12,315 WARN Tps point for NamingServiceSubscribe registered, But tps control manager is no limit implementation.

2026-09-30 17:20:12,315 INFO No tps control rule of NamingInstanceDeregister found,content =null  

2026-09-30 17:20:12,316 WARN Tps point for NamingInstanceDeregister registered, But tps control manager is no limit implementation.

2026-09-30 17:20:12,316 INFO No tps control rule of NamingInstanceMetadataUpdate found,content =null  

2026-09-30 17:20:12,316 WARN Tps point for NamingInstanceMetadataUpdate registered, But tps control manager is no limit implementation.

2026-09-30 17:20:12,316 INFO No tps control rule of NamingInstanceQuery found,content =null  

2026-09-30 17:20:12,316 WARN Tps point for NamingInstanceQuery registered, But tps control manager is no limit implementation.

2026-09-30 17:20:12,316 WARN Tps point for ConfigQuery registered, But tps control manager is no limit implementation.

2026-09-30 17:20:12,316 INFO No tps control rule of NamingServiceUpdate found,content =null  

2026-09-30 17:20:12,316 WARN Tps point for NamingServiceUpdate registered, But tps control manager is no limit implementation.

2026-09-30 17:20:12,316 WARN Tps point for NamingServiceSubscribe registered, But tps control manager is no limit implementation.

2026-09-30 17:20:12,316 WARN Tps point for NamingInstanceRegister registered, But tps control manager is no limit implementation.

2026-09-30 17:20:12,316 WARN Tps point for ConfigQuery registered, But tps control manager is no limit implementation.

2026-09-30 17:20:12,316 INFO No tps control rule of NamingServiceListQuery found,content =null  

2026-09-30 17:20:12,316 WARN Tps point for NamingServiceListQuery registered, But tps control manager is no limit implementation.

2026-09-30 17:20:12,317 INFO No tps control rule of NamingServiceQuery found,content =null  

2026-09-30 17:20:12,317 WARN Tps point for NamingServiceQuery registered, But tps control manager is no limit implementation.

2026-09-30 17:20:12,317 WARN Tps point for ConfigPublish registered, But tps control manager is no limit implementation.

2026-09-30 17:20:12,317 WARN Tps point for NamingInstanceDeregister registered, But tps control manager is no limit implementation.

2026-09-30 17:20:12,317 INFO No tps control rule of NamingInstanceUpdate found,content =null  

2026-09-30 17:20:12,317 WARN Tps point for NamingInstanceUpdate registered, But tps control manager is no limit implementation.

2026-09-30 17:20:12,317 INFO No tps control rule of NamingServiceRegister found,content =null  

2026-09-30 17:20:12,317 WARN Tps point for NamingServiceRegister registered, But tps control manager is no limit implementation.

2026-09-30 17:20:12,317 WARN Tps point for ConfigPublish registered, But tps control manager is no limit implementation.

2026-09-30 17:20:12,317 WARN Tps point for NamingInstanceMetadataUpdate registered, But tps control manager is no limit implementation.

2026-09-30 17:20:12,317 INFO No tps control rule of NamingServiceDeregister found,content =null  

2026-09-30 17:20:12,317 WARN Tps point for NamingServiceDeregister registered, But tps control manager is no limit implementation.

